// Vitest Snapshot v1, https://vitest.dev/guide/snapshot.html

exports[`JoinGameModal > renders correctly when visible 1`] = `
<div
  data-v-app=""
>
  
  <!--teleport start-->
  <!--teleport end-->
  <div
    style="position: fixed; height: 0px; padding: 0px; overflow: hidden; clip: rect(0, 0, 0, 0); white-space: nowrap; border-width: 0px; display: none;"
  />
  
</div>
`;
